D:\RA92-2016\lab3\implementation\system.ngc 1552897768
D:/RA92-2016/lab3/implementation/system_dip_switches_wrapper.ngc 1552897742
D:/RA92-2016/lab3/implementation/system_rs232_wrapper.ngc 1552897728
D:/RA92-2016/lab3/implementation/system_proc_sys_reset_0_wrapper.ngc 1552897645
D:/RA92-2016/lab3/implementation/system_clock_generator_0_wrapper.ngc 1552897754
D:/RA92-2016/lab3/implementation/system_microblaze_0_ilmb_wrapper.ngc 1552897746
D:/RA92-2016/lab3/implementation/system_microblaze_0_dlmb_wrapper.ngc 1552897749
D:/RA92-2016/lab3/implementation/system_axi4lite_0_wrapper.ngc 1552897757
D:/RA92-2016/lab3/implementation/system_microblaze_0_wrapper.ngc 1552897752
D:/RA92-2016/lab3/implementation/system_microblaze_0_i_bram_ctrl_wrapper.ngc 1552897655
D:/RA92-2016/lab3/implementation/system_microblaze_0_d_bram_ctrl_wrapper.ngc 1552897664
D:/RA92-2016/lab3/implementation/system_debug_module_wrapper.ngc 1552897706
D:/RA92-2016/lab3/implementation/system_leds_wrapper.ngc 1552897735
D:/RA92-2016/lab3/implementation/system_microblaze_0_bram_block_wrapper.ngc 1552897670
OK
