D:\ra207-2016\lab3\lab3\implementation\system.ngc 1553160015
D:/ra207-2016/lab3/lab3/implementation/system_dip_switches_wrapper.ngc 1553159969
D:/ra207-2016/lab3/lab3/implementation/system_my_peripheral_0_wrapper.ngc 1553159991
D:/ra207-2016/lab3/lab3/implementation/system_rs232_wrapper.ngc 1553159969
D:/ra207-2016/lab3/lab3/implementation/system_proc_sys_reset_0_wrapper.ngc 1553159969
D:/ra207-2016/lab3/lab3/implementation/system_clock_generator_0_wrapper.ngc 1553160001
D:/ra207-2016/lab3/lab3/implementation/system_microblaze_0_ilmb_wrapper.ngc 1553159969
D:/ra207-2016/lab3/lab3/implementation/system_microblaze_0_dlmb_wrapper.ngc 1553159969
D:/ra207-2016/lab3/lab3/implementation/system_axi4lite_0_wrapper.ngc 1553160004
D:/ra207-2016/lab3/lab3/implementation/system_microblaze_0_wrapper.ngc 1553159969
D:/ra207-2016/lab3/lab3/implementation/system_microblaze_0_i_bram_ctrl_wrapper.ngc 1553159969
D:/ra207-2016/lab3/lab3/implementation/system_microblaze_0_d_bram_ctrl_wrapper.ngc 1553159969
D:/ra207-2016/lab3/lab3/implementation/system_debug_module_wrapper.ngc 1553159969
D:/ra207-2016/lab3/lab3/implementation/system_my_timer_0_wrapper.ngc 1553159998
D:/ra207-2016/lab3/lab3/implementation/system_microblaze_0_bram_block_wrapper.ngc 1553159969
OK
